2025-12-04 11:52:39.393 | INFO     | __main__:<module>:60 - Using seed = 42, device = cuda:0 and output dir = runs/new/mnist/v1/
2025-12-04 11:52:39.545 | INFO     | __main__:<module>:66 - Loading the mnist dataset for training
2025-12-04 11:52:39.630 | INFO     | __main__:<module>:72 - length of the train dataset = 60000
2025-12-04 11:52:39.631 | INFO     | __main__:<module>:76 - length of the train split = 48000, validation split = 12000
2025-12-04 11:52:39.631 | INFO     | __main__:<module>:79 - Using flip_probs = 0.0, channels = 1 for transforms
2025-12-04 11:52:39.632 | INFO     | __main__:<module>:88 - Creating the dataloader with batch size = 128
2025-12-04 11:52:39.633 | INFO     | __main__:<module>:102 - Initializing the UNET model with model dim = 128
2025-12-04 11:52:40.127 | INFO     | __main__:<module>:112 - Initializaing EMA with decay = 0.999
2025-12-04 11:52:40.132 | INFO     | __main__:<module>:127 - Running for epochs = 70 with objective = denoiser
2025-12-04 11:52:40.132 | INFO     | __main__:<module>:130 - Epoch = 1 / 70
2025-12-04 11:53:46.331 | INFO     | __main__:<module>:166 - Training Time Taken = 66.2 seconds, loss = 0.07045849124590556, val loss = 0.10058555585589815
2025-12-04 11:53:46.332 | INFO     | __main__:<module>:170 - Validation loss decreased from inf to 0.10058555585589815
2025-12-04 11:53:46.332 | INFO     | __main__:<module>:171 - Saving the model checkpoint at path = runs/new/mnist/v1/single-noise-scale.bin
2025-12-04 11:53:46.397 | INFO     | __main__:<module>:130 - Epoch = 2 / 70
2025-12-04 11:54:51.397 | INFO     | __main__:<module>:166 - Training Time Taken = 65.0 seconds, loss = 0.037527456750472386, val loss = 0.07149540220803403
2025-12-04 11:54:51.397 | INFO     | __main__:<module>:170 - Validation loss decreased from 0.10058555585589815 to 0.07149540220803403
2025-12-04 11:54:51.397 | INFO     | __main__:<module>:171 - Saving the model checkpoint at path = runs/new/mnist/v1/single-noise-scale.bin
2025-12-04 11:54:51.503 | INFO     | __main__:<module>:130 - Epoch = 3 / 70
2025-12-04 11:55:56.506 | INFO     | __main__:<module>:166 - Training Time Taken = 65.0 seconds, loss = 0.03404433260361354, val loss = 0.050707562648235484
2025-12-04 11:55:56.506 | INFO     | __main__:<module>:170 - Validation loss decreased from 0.07149540220803403 to 0.050707562648235484
2025-12-04 11:55:56.506 | INFO     | __main__:<module>:171 - Saving the model checkpoint at path = runs/new/mnist/v1/single-noise-scale.bin
2025-12-04 11:55:56.672 | INFO     | __main__:<module>:130 - Epoch = 4 / 70
2025-12-04 11:57:01.985 | INFO     | __main__:<module>:166 - Training Time Taken = 65.31 seconds, loss = 0.032332688763737676, val loss = 0.03959791631774699
2025-12-04 11:57:01.986 | INFO     | __main__:<module>:170 - Validation loss decreased from 0.050707562648235484 to 0.03959791631774699
2025-12-04 11:57:01.986 | INFO     | __main__:<module>:171 - Saving the model checkpoint at path = runs/new/mnist/v1/single-noise-scale.bin
2025-12-04 11:57:02.100 | INFO     | __main__:<module>:130 - Epoch = 5 / 70
2025-12-04 11:58:07.315 | INFO     | __main__:<module>:166 - Training Time Taken = 65.21 seconds, loss = 0.0311731676508983, val loss = 0.034195986913239704
2025-12-04 11:58:07.315 | INFO     | __main__:<module>:170 - Validation loss decreased from 0.03959791631774699 to 0.034195986913239704
2025-12-04 11:58:07.315 | INFO     | __main__:<module>:171 - Saving the model checkpoint at path = runs/new/mnist/v1/single-noise-scale.bin
2025-12-04 11:58:08.551 | INFO     | __main__:<module>:130 - Epoch = 6 / 70
2025-12-04 11:59:14.492 | INFO     | __main__:<module>:166 - Training Time Taken = 65.94 seconds, loss = 0.030426047583421073, val loss = 0.031659088513635573
2025-12-04 11:59:14.493 | INFO     | __main__:<module>:170 - Validation loss decreased from 0.034195986913239704 to 0.031659088513635573
2025-12-04 11:59:14.493 | INFO     | __main__:<module>:171 - Saving the model checkpoint at path = runs/new/mnist/v1/single-noise-scale.bin
2025-12-04 11:59:14.611 | INFO     | __main__:<module>:130 - Epoch = 7 / 70
2025-12-04 12:00:20.316 | INFO     | __main__:<module>:166 - Training Time Taken = 65.7 seconds, loss = 0.029952200770378114, val loss = 0.030096639859232496
2025-12-04 12:00:20.317 | INFO     | __main__:<module>:170 - Validation loss decreased from 0.031659088513635573 to 0.030096639859232496
2025-12-04 12:00:20.317 | INFO     | __main__:<module>:171 - Saving the model checkpoint at path = runs/new/mnist/v1/single-noise-scale.bin
2025-12-04 12:00:20.428 | INFO     | __main__:<module>:130 - Epoch = 8 / 70
2025-12-04 12:01:25.788 | INFO     | __main__:<module>:166 - Training Time Taken = 65.36 seconds, loss = 0.02971714813510577, val loss = 0.029250177158478725
2025-12-04 12:01:25.788 | INFO     | __main__:<module>:170 - Validation loss decreased from 0.030096639859232496 to 0.029250177158478725
2025-12-04 12:01:25.789 | INFO     | __main__:<module>:171 - Saving the model checkpoint at path = runs/new/mnist/v1/single-noise-scale.bin
2025-12-04 12:01:25.895 | INFO     | __main__:<module>:130 - Epoch = 9 / 70
2025-12-04 12:02:31.895 | INFO     | __main__:<module>:166 - Training Time Taken = 66.0 seconds, loss = 0.0292700714468956, val loss = 0.028647151121750793
2025-12-04 12:02:31.896 | INFO     | __main__:<module>:170 - Validation loss decreased from 0.029250177158478725 to 0.028647151121750793
2025-12-04 12:02:31.896 | INFO     | __main__:<module>:171 - Saving the model checkpoint at path = runs/new/mnist/v1/single-noise-scale.bin
2025-12-04 12:02:32.165 | INFO     | __main__:<module>:130 - Epoch = 10 / 70
2025-12-04 12:03:37.112 | INFO     | __main__:<module>:166 - Training Time Taken = 64.95 seconds, loss = 0.029005120436350503, val loss = 0.028240809355802993
2025-12-04 12:03:37.113 | INFO     | __main__:<module>:170 - Validation loss decreased from 0.028647151121750793 to 0.028240809355802993
2025-12-04 12:03:37.113 | INFO     | __main__:<module>:171 - Saving the model checkpoint at path = runs/new/mnist/v1/single-noise-scale.bin
2025-12-04 12:03:37.220 | INFO     | __main__:<module>:130 - Epoch = 11 / 70
2025-12-04 12:04:42.731 | INFO     | __main__:<module>:166 - Training Time Taken = 65.51 seconds, loss = 0.028838391999403634, val loss = 0.027780417412360932
2025-12-04 12:04:42.731 | INFO     | __main__:<module>:170 - Validation loss decreased from 0.028240809355802993 to 0.027780417412360932
2025-12-04 12:04:42.731 | INFO     | __main__:<module>:171 - Saving the model checkpoint at path = runs/new/mnist/v1/single-noise-scale.bin
2025-12-04 12:04:42.844 | INFO     | __main__:<module>:130 - Epoch = 12 / 70
2025-12-04 12:05:47.992 | INFO     | __main__:<module>:166 - Training Time Taken = 65.15 seconds, loss = 0.028703447898228963, val loss = 0.02771452120802504
2025-12-04 12:05:47.992 | INFO     | __main__:<module>:170 - Validation loss decreased from 0.027780417412360932 to 0.02771452120802504
2025-12-04 12:05:47.993 | INFO     | __main__:<module>:171 - Saving the model checkpoint at path = runs/new/mnist/v1/single-noise-scale.bin
2025-12-04 12:05:48.102 | INFO     | __main__:<module>:130 - Epoch = 13 / 70
2025-12-04 12:06:54.048 | INFO     | __main__:<module>:166 - Training Time Taken = 65.95 seconds, loss = 0.028592139745752018, val loss = 0.027400817206882415
2025-12-04 12:06:54.048 | INFO     | __main__:<module>:170 - Validation loss decreased from 0.02771452120802504 to 0.027400817206882415
2025-12-04 12:06:54.048 | INFO     | __main__:<module>:171 - Saving the model checkpoint at path = runs/new/mnist/v1/single-noise-scale.bin
2025-12-04 12:06:54.949 | INFO     | __main__:<module>:130 - Epoch = 14 / 70
2025-12-04 12:08:00.060 | INFO     | __main__:<module>:166 - Training Time Taken = 65.11 seconds, loss = 0.028546396096547445, val loss = 0.027262307743125772
2025-12-04 12:08:00.060 | INFO     | __main__:<module>:170 - Validation loss decreased from 0.027400817206882415 to 0.027262307743125772
2025-12-04 12:08:00.061 | INFO     | __main__:<module>:171 - Saving the model checkpoint at path = runs/new/mnist/v1/single-noise-scale.bin
2025-12-04 12:08:00.172 | INFO     | __main__:<module>:130 - Epoch = 15 / 70
2025-12-04 12:09:05.137 | INFO     | __main__:<module>:166 - Training Time Taken = 64.96 seconds, loss = 0.02836759927868843, val loss = 0.027209991133434974
2025-12-04 12:09:05.137 | INFO     | __main__:<module>:170 - Validation loss decreased from 0.027262307743125772 to 0.027209991133434974
2025-12-04 12:09:05.137 | INFO     | __main__:<module>:171 - Saving the model checkpoint at path = runs/new/mnist/v1/single-noise-scale.bin
2025-12-04 12:09:05.249 | INFO     | __main__:<module>:130 - Epoch = 16 / 70
2025-12-04 12:10:10.172 | INFO     | __main__:<module>:166 - Training Time Taken = 64.92 seconds, loss = 0.02826713421444098, val loss = 0.02707139257975715
2025-12-04 12:10:10.172 | INFO     | __main__:<module>:170 - Validation loss decreased from 0.027209991133434974 to 0.02707139257975715
2025-12-04 12:10:10.172 | INFO     | __main__:<module>:171 - Saving the model checkpoint at path = runs/new/mnist/v1/single-noise-scale.bin
2025-12-04 12:10:10.282 | INFO     | __main__:<module>:130 - Epoch = 17 / 70
2025-12-04 12:11:15.880 | INFO     | __main__:<module>:166 - Training Time Taken = 65.6 seconds, loss = 0.028256768574317297, val loss = 0.02700478583574295
2025-12-04 12:11:15.880 | INFO     | __main__:<module>:170 - Validation loss decreased from 0.02707139257975715 to 0.02700478583574295
2025-12-04 12:11:15.880 | INFO     | __main__:<module>:171 - Saving the model checkpoint at path = runs/new/mnist/v1/single-noise-scale.bin
2025-12-04 12:11:16.256 | INFO     | __main__:<module>:130 - Epoch = 18 / 70
2025-12-04 12:12:21.309 | INFO     | __main__:<module>:166 - Training Time Taken = 65.05 seconds, loss = 0.028117764219641687, val loss = 0.026951166543554752
2025-12-04 12:12:21.310 | INFO     | __main__:<module>:170 - Validation loss decreased from 0.02700478583574295 to 0.026951166543554752
2025-12-04 12:12:21.310 | INFO     | __main__:<module>:171 - Saving the model checkpoint at path = runs/new/mnist/v1/single-noise-scale.bin
2025-12-04 12:12:21.416 | INFO     | __main__:<module>:130 - Epoch = 19 / 70
2025-12-04 12:13:26.201 | INFO     | __main__:<module>:166 - Training Time Taken = 64.79 seconds, loss = 0.02817364354431629, val loss = 0.026881214607744775
2025-12-04 12:13:26.202 | INFO     | __main__:<module>:170 - Validation loss decreased from 0.026951166543554752 to 0.026881214607744775
2025-12-04 12:13:26.202 | INFO     | __main__:<module>:171 - Saving the model checkpoint at path = runs/new/mnist/v1/single-noise-scale.bin
2025-12-04 12:13:26.311 | INFO     | __main__:<module>:130 - Epoch = 20 / 70
2025-12-04 12:14:31.067 | INFO     | __main__:<module>:166 - Training Time Taken = 64.76 seconds, loss = 0.028043933192888896, val loss = 0.026649092383524205
2025-12-04 12:14:31.068 | INFO     | __main__:<module>:170 - Validation loss decreased from 0.026881214607744775 to 0.026649092383524205
2025-12-04 12:14:31.068 | INFO     | __main__:<module>:171 - Saving the model checkpoint at path = runs/new/mnist/v1/single-noise-scale.bin
2025-12-04 12:14:31.175 | INFO     | __main__:<module>:130 - Epoch = 21 / 70
2025-12-04 12:15:36.140 | INFO     | __main__:<module>:166 - Training Time Taken = 64.96 seconds, loss = 0.027957021161913873, val loss = 0.026848837158622893
2025-12-04 12:15:36.141 | INFO     | __main__:<module>:130 - Epoch = 22 / 70
2025-12-04 12:16:41.044 | INFO     | __main__:<module>:166 - Training Time Taken = 64.9 seconds, loss = 0.027892207741737365, val loss = 0.026615126236797647
2025-12-04 12:16:41.044 | INFO     | __main__:<module>:170 - Validation loss decreased from 0.026649092383524205 to 0.026615126236797647
2025-12-04 12:16:41.044 | INFO     | __main__:<module>:171 - Saving the model checkpoint at path = runs/new/mnist/v1/single-noise-scale.bin
2025-12-04 12:16:41.152 | INFO     | __main__:<module>:130 - Epoch = 23 / 70
2025-12-04 12:17:46.276 | INFO     | __main__:<module>:166 - Training Time Taken = 65.12 seconds, loss = 0.027798676456014314, val loss = 0.026597126822997915
2025-12-04 12:17:46.277 | INFO     | __main__:<module>:170 - Validation loss decreased from 0.026615126236797647 to 0.026597126822997915
2025-12-04 12:17:46.277 | INFO     | __main__:<module>:171 - Saving the model checkpoint at path = runs/new/mnist/v1/single-noise-scale.bin
2025-12-04 12:17:46.380 | INFO     | __main__:<module>:130 - Epoch = 24 / 70
2025-12-04 12:18:52.229 | INFO     | __main__:<module>:166 - Training Time Taken = 65.85 seconds, loss = 0.02776743104557196, val loss = 0.026682783968429616
2025-12-04 12:18:52.230 | INFO     | __main__:<module>:130 - Epoch = 25 / 70
2025-12-04 12:19:58.263 | INFO     | __main__:<module>:166 - Training Time Taken = 66.03 seconds, loss = 0.02769338476161162, val loss = 0.026495132238623945
2025-12-04 12:19:58.264 | INFO     | __main__:<module>:170 - Validation loss decreased from 0.026597126822997915 to 0.026495132238623945
2025-12-04 12:19:58.264 | INFO     | __main__:<module>:171 - Saving the model checkpoint at path = runs/new/mnist/v1/single-noise-scale.bin
2025-12-04 12:19:58.371 | INFO     | __main__:<module>:130 - Epoch = 26 / 70
2025-12-04 12:21:04.204 | INFO     | __main__:<module>:166 - Training Time Taken = 65.83 seconds, loss = 0.027702799330155056, val loss = 0.026498904075235762
2025-12-04 12:21:04.205 | INFO     | __main__:<module>:130 - Epoch = 27 / 70
2025-12-04 12:22:10.209 | INFO     | __main__:<module>:166 - Training Time Taken = 66.0 seconds, loss = 0.02757490897675355, val loss = 0.026382142360857192
2025-12-04 12:22:10.210 | INFO     | __main__:<module>:170 - Validation loss decreased from 0.026495132238623945 to 0.026382142360857192
2025-12-04 12:22:10.210 | INFO     | __main__:<module>:171 - Saving the model checkpoint at path = runs/new/mnist/v1/single-noise-scale.bin
2025-12-04 12:22:11.143 | INFO     | __main__:<module>:130 - Epoch = 28 / 70
2025-12-04 12:23:16.274 | INFO     | __main__:<module>:166 - Training Time Taken = 65.13 seconds, loss = 0.027529506891965864, val loss = 0.02631619237759646
2025-12-04 12:23:16.275 | INFO     | __main__:<module>:170 - Validation loss decreased from 0.026382142360857192 to 0.02631619237759646
2025-12-04 12:23:16.275 | INFO     | __main__:<module>:171 - Saving the model checkpoint at path = runs/new/mnist/v1/single-noise-scale.bin
2025-12-04 12:23:16.378 | INFO     | __main__:<module>:130 - Epoch = 29 / 70
2025-12-04 12:24:22.207 | INFO     | __main__:<module>:166 - Training Time Taken = 65.83 seconds, loss = 0.027468078007300695, val loss = 0.02639783976322159
2025-12-04 12:24:22.208 | INFO     | __main__:<module>:130 - Epoch = 30 / 70
2025-12-04 12:25:27.440 | INFO     | __main__:<module>:166 - Training Time Taken = 65.23 seconds, loss = 0.02755409211417039, val loss = 0.02638760520184928
2025-12-04 12:25:27.441 | INFO     | __main__:<module>:130 - Epoch = 31 / 70
2025-12-04 12:26:32.469 | INFO     | __main__:<module>:166 - Training Time Taken = 65.03 seconds, loss = 0.027408278743426006, val loss = 0.02633453223933565
2025-12-04 12:26:32.470 | INFO     | __main__:<module>:130 - Epoch = 32 / 70
2025-12-04 12:27:37.486 | INFO     | __main__:<module>:166 - Training Time Taken = 65.02 seconds, loss = 0.02736619685590267, val loss = 0.026375771975739204
2025-12-04 12:27:37.486 | INFO     | __main__:<module>:130 - Epoch = 33 / 70
2025-12-04 12:28:41.956 | INFO     | __main__:<module>:166 - Training Time Taken = 64.47 seconds, loss = 0.027352203076084453, val loss = 0.02611604842178999
2025-12-04 12:28:41.957 | INFO     | __main__:<module>:170 - Validation loss decreased from 0.02631619237759646 to 0.02611604842178999
2025-12-04 12:28:41.957 | INFO     | __main__:<module>:171 - Saving the model checkpoint at path = runs/new/mnist/v1/single-noise-scale.bin
2025-12-04 12:28:42.058 | INFO     | __main__:<module>:130 - Epoch = 34 / 70
2025-12-04 12:29:46.930 | INFO     | __main__:<module>:166 - Training Time Taken = 64.87 seconds, loss = 0.027225975965460142, val loss = 0.026129464618861675
2025-12-04 12:29:46.930 | INFO     | __main__:<module>:130 - Epoch = 35 / 70
2025-12-04 12:30:52.105 | INFO     | __main__:<module>:166 - Training Time Taken = 65.17 seconds, loss = 0.02724361206094424, val loss = 0.026101577373102626
2025-12-04 12:30:52.105 | INFO     | __main__:<module>:170 - Validation loss decreased from 0.02611604842178999 to 0.026101577373102626
2025-12-04 12:30:52.106 | INFO     | __main__:<module>:171 - Saving the model checkpoint at path = runs/new/mnist/v1/single-noise-scale.bin
2025-12-04 12:30:52.225 | INFO     | __main__:<module>:130 - Epoch = 36 / 70
2025-12-04 12:31:57.413 | INFO     | __main__:<module>:166 - Training Time Taken = 65.19 seconds, loss = 0.027148433004816373, val loss = 0.026252829925493992
2025-12-04 12:31:57.414 | INFO     | __main__:<module>:130 - Epoch = 37 / 70
2025-12-04 12:33:02.201 | INFO     | __main__:<module>:166 - Training Time Taken = 64.79 seconds, loss = 0.027017924159765245, val loss = 0.026126524136263006
2025-12-04 12:33:02.202 | INFO     | __main__:<module>:130 - Epoch = 38 / 70
2025-12-04 12:34:07.419 | INFO     | __main__:<module>:166 - Training Time Taken = 65.22 seconds, loss = 0.027047607322533924, val loss = 0.02613105930070928
2025-12-04 12:34:07.420 | INFO     | __main__:<module>:130 - Epoch = 39 / 70
2025-12-04 12:35:12.253 | INFO     | __main__:<module>:166 - Training Time Taken = 64.83 seconds, loss = 0.026983912780880928, val loss = 0.026164873384256312
2025-12-04 12:35:12.254 | INFO     | __main__:<module>:130 - Epoch = 40 / 70
2025-12-04 12:36:16.792 | INFO     | __main__:<module>:166 - Training Time Taken = 64.54 seconds, loss = 0.02705521456897259, val loss = 0.02604693857992583
2025-12-04 12:36:16.792 | INFO     | __main__:<module>:170 - Validation loss decreased from 0.026101577373102626 to 0.02604693857992583
2025-12-04 12:36:16.792 | INFO     | __main__:<module>:171 - Saving the model checkpoint at path = runs/new/mnist/v1/single-noise-scale.bin
2025-12-04 12:36:16.894 | INFO     | __main__:<module>:130 - Epoch = 41 / 70
2025-12-04 12:37:21.514 | INFO     | __main__:<module>:166 - Training Time Taken = 64.62 seconds, loss = 0.026937782575686773, val loss = 0.026194352775495103
2025-12-04 12:37:21.515 | INFO     | __main__:<module>:130 - Epoch = 42 / 70
2025-12-04 12:38:26.157 | INFO     | __main__:<module>:166 - Training Time Taken = 64.64 seconds, loss = 0.026868629266818364, val loss = 0.026148990430730455
2025-12-04 12:38:26.158 | INFO     | __main__:<module>:130 - Epoch = 43 / 70
2025-12-04 12:39:31.164 | INFO     | __main__:<module>:166 - Training Time Taken = 65.01 seconds, loss = 0.026925078252951304, val loss = 0.026109001044421754
2025-12-04 12:39:31.165 | INFO     | __main__:<module>:130 - Epoch = 44 / 70
2025-12-04 12:40:35.875 | INFO     | __main__:<module>:166 - Training Time Taken = 64.71 seconds, loss = 0.026779137427608173, val loss = 0.025994792640050675
2025-12-04 12:40:35.875 | INFO     | __main__:<module>:170 - Validation loss decreased from 0.02604693857992583 to 0.025994792640050675
2025-12-04 12:40:35.875 | INFO     | __main__:<module>:171 - Saving the model checkpoint at path = runs/new/mnist/v1/single-noise-scale.bin
2025-12-04 12:40:35.981 | INFO     | __main__:<module>:130 - Epoch = 45 / 70
2025-12-04 12:41:40.673 | INFO     | __main__:<module>:166 - Training Time Taken = 64.69 seconds, loss = 0.026859046642978987, val loss = 0.026003475063183207
2025-12-04 12:41:40.674 | INFO     | __main__:<module>:130 - Epoch = 46 / 70
2025-12-04 12:42:45.620 | INFO     | __main__:<module>:166 - Training Time Taken = 64.95 seconds, loss = 0.026781113386154173, val loss = 0.026003773760129797
2025-12-04 12:42:45.621 | INFO     | __main__:<module>:130 - Epoch = 47 / 70
2025-12-04 12:43:49.996 | INFO     | __main__:<module>:166 - Training Time Taken = 64.37 seconds, loss = 0.02676131211221218, val loss = 0.025897405546237814
2025-12-04 12:43:49.996 | INFO     | __main__:<module>:170 - Validation loss decreased from 0.025994792640050675 to 0.025897405546237814
2025-12-04 12:43:49.996 | INFO     | __main__:<module>:171 - Saving the model checkpoint at path = runs/new/mnist/v1/single-noise-scale.bin
2025-12-04 12:43:50.103 | INFO     | __main__:<module>:130 - Epoch = 48 / 70
2025-12-04 12:44:54.943 | INFO     | __main__:<module>:166 - Training Time Taken = 64.84 seconds, loss = 0.02669678188363711, val loss = 0.026014321285517925
2025-12-04 12:44:54.944 | INFO     | __main__:<module>:130 - Epoch = 49 / 70
2025-12-04 12:46:00.569 | INFO     | __main__:<module>:166 - Training Time Taken = 65.63 seconds, loss = 0.0266723636140426, val loss = 0.025953580546093747
2025-12-04 12:46:00.569 | INFO     | __main__:<module>:130 - Epoch = 50 / 70
2025-12-04 12:47:05.303 | INFO     | __main__:<module>:166 - Training Time Taken = 64.73 seconds, loss = 0.026665200427174567, val loss = 0.025953766117070582
2025-12-04 12:47:05.304 | INFO     | __main__:<module>:130 - Epoch = 51 / 70
2025-12-04 12:48:09.881 | INFO     | __main__:<module>:166 - Training Time Taken = 64.58 seconds, loss = 0.026630420833826066, val loss = 0.025932725281157393
2025-12-04 12:48:09.882 | INFO     | __main__:<module>:130 - Epoch = 52 / 70
2025-12-04 12:49:15.598 | INFO     | __main__:<module>:166 - Training Time Taken = 65.72 seconds, loss = 0.026567464023828508, val loss = 0.025980104414865056
2025-12-04 12:49:15.599 | INFO     | __main__:<module>:130 - Epoch = 53 / 70
2025-12-04 12:50:21.140 | INFO     | __main__:<module>:166 - Training Time Taken = 65.54 seconds, loss = 0.026538925071557362, val loss = 0.025930668841651145
2025-12-04 12:50:21.141 | INFO     | __main__:<module>:130 - Epoch = 54 / 70
2025-12-04 12:51:26.579 | INFO     | __main__:<module>:166 - Training Time Taken = 65.44 seconds, loss = 0.026573971221844354, val loss = 0.025859329512620224
2025-12-04 12:51:26.579 | INFO     | __main__:<module>:170 - Validation loss decreased from 0.025897405546237814 to 0.025859329512620224
2025-12-04 12:51:26.580 | INFO     | __main__:<module>:171 - Saving the model checkpoint at path = runs/new/mnist/v1/single-noise-scale.bin
2025-12-04 12:51:26.872 | INFO     | __main__:<module>:130 - Epoch = 55 / 70
2025-12-04 12:52:32.800 | INFO     | __main__:<module>:166 - Training Time Taken = 65.93 seconds, loss = 0.02647422948976358, val loss = 0.02585401867536154
2025-12-04 12:52:32.800 | INFO     | __main__:<module>:170 - Validation loss decreased from 0.025859329512620224 to 0.02585401867536154
2025-12-04 12:52:32.800 | INFO     | __main__:<module>:171 - Saving the model checkpoint at path = runs/new/mnist/v1/single-noise-scale.bin
2025-12-04 12:52:32.908 | INFO     | __main__:<module>:130 - Epoch = 56 / 70
2025-12-04 12:53:39.160 | INFO     | __main__:<module>:166 - Training Time Taken = 66.25 seconds, loss = 0.02649940415720145, val loss = 0.025858773235627946
2025-12-04 12:53:39.161 | INFO     | __main__:<module>:130 - Epoch = 57 / 70
2025-12-04 12:54:43.886 | INFO     | __main__:<module>:166 - Training Time Taken = 64.73 seconds, loss = 0.02654108366370201, val loss = 0.02583713185517712
2025-12-04 12:54:43.887 | INFO     | __main__:<module>:170 - Validation loss decreased from 0.02585401867536154 to 0.02583713185517712
2025-12-04 12:54:43.887 | INFO     | __main__:<module>:171 - Saving the model checkpoint at path = runs/new/mnist/v1/single-noise-scale.bin
2025-12-04 12:54:43.994 | INFO     | __main__:<module>:130 - Epoch = 58 / 70
2025-12-04 12:55:48.359 | INFO     | __main__:<module>:166 - Training Time Taken = 64.37 seconds, loss = 0.026488745123147965, val loss = 0.025793894352589514
2025-12-04 12:55:48.360 | INFO     | __main__:<module>:170 - Validation loss decreased from 0.02583713185517712 to 0.025793894352589514
2025-12-04 12:55:48.360 | INFO     | __main__:<module>:171 - Saving the model checkpoint at path = runs/new/mnist/v1/single-noise-scale.bin
2025-12-04 12:55:48.493 | INFO     | __main__:<module>:130 - Epoch = 59 / 70
2025-12-04 12:56:53.292 | INFO     | __main__:<module>:166 - Training Time Taken = 64.8 seconds, loss = 0.026434739833076794, val loss = 0.025874050631326563
2025-12-04 12:56:53.293 | INFO     | __main__:<module>:130 - Epoch = 60 / 70
2025-12-04 12:57:58.167 | INFO     | __main__:<module>:166 - Training Time Taken = 64.87 seconds, loss = 0.026479972039659818, val loss = 0.02592450721149749
2025-12-04 12:57:58.168 | INFO     | __main__:<module>:130 - Epoch = 61 / 70
2025-12-04 12:59:02.998 | INFO     | __main__:<module>:166 - Training Time Taken = 64.83 seconds, loss = 0.026480460718274118, val loss = 0.025771621218387115
2025-12-04 12:59:02.998 | INFO     | __main__:<module>:170 - Validation loss decreased from 0.025793894352589514 to 0.025771621218387115
2025-12-04 12:59:02.998 | INFO     | __main__:<module>:171 - Saving the model checkpoint at path = runs/new/mnist/v1/single-noise-scale.bin
2025-12-04 12:59:03.124 | INFO     | __main__:<module>:130 - Epoch = 62 / 70
2025-12-04 13:00:08.610 | INFO     | __main__:<module>:166 - Training Time Taken = 65.49 seconds, loss = 0.026409128323197365, val loss = 0.025880170114179875
2025-12-04 13:00:08.611 | INFO     | __main__:<module>:130 - Epoch = 63 / 70
2025-12-04 13:01:14.494 | INFO     | __main__:<module>:166 - Training Time Taken = 65.88 seconds, loss = 0.026330217426021894, val loss = 0.02579832847844413
2025-12-04 13:01:14.495 | INFO     | __main__:<module>:130 - Epoch = 64 / 70
2025-12-04 13:02:19.690 | INFO     | __main__:<module>:166 - Training Time Taken = 65.19 seconds, loss = 0.026362495814760526, val loss = 0.025710032242251202
2025-12-04 13:02:19.690 | INFO     | __main__:<module>:170 - Validation loss decreased from 0.025771621218387115 to 0.025710032242251202
2025-12-04 13:02:19.690 | INFO     | __main__:<module>:171 - Saving the model checkpoint at path = runs/new/mnist/v1/single-noise-scale.bin
2025-12-04 13:02:19.804 | INFO     | __main__:<module>:130 - Epoch = 65 / 70
2025-12-04 13:03:24.922 | INFO     | __main__:<module>:166 - Training Time Taken = 65.12 seconds, loss = 0.026289617503682774, val loss = 0.025815678700963234
2025-12-04 13:03:24.923 | INFO     | __main__:<module>:130 - Epoch = 66 / 70
2025-12-04 13:04:29.768 | INFO     | __main__:<module>:166 - Training Time Taken = 64.85 seconds, loss = 0.026259162972370784, val loss = 0.025888092300676284
2025-12-04 13:04:29.769 | INFO     | __main__:<module>:130 - Epoch = 67 / 70
2025-12-04 13:05:34.892 | INFO     | __main__:<module>:166 - Training Time Taken = 65.12 seconds, loss = 0.02636116171379884, val loss = 0.025804927295192757
2025-12-04 13:05:34.893 | INFO     | __main__:<module>:130 - Epoch = 68 / 70
2025-12-04 13:06:40.284 | INFO     | __main__:<module>:166 - Training Time Taken = 65.39 seconds, loss = 0.026263783489664395, val loss = 0.025809139211444145
2025-12-04 13:06:40.285 | INFO     | __main__:<module>:130 - Epoch = 69 / 70
2025-12-04 13:07:45.768 | INFO     | __main__:<module>:166 - Training Time Taken = 65.48 seconds, loss = 0.02632886611421903, val loss = 0.025740691639007406
2025-12-04 13:07:45.769 | INFO     | __main__:<module>:130 - Epoch = 70 / 70
2025-12-04 13:08:51.203 | INFO     | __main__:<module>:166 - Training Time Taken = 65.43 seconds, loss = 0.026211519569158553, val loss = 0.025788170364784434
2025-12-04 13:08:51.205 | INFO     | __main__:<module>:185 - Training Completed. Loading the model from runs/new/mnist/v1/single-noise-scale.bin
2025-12-04 13:08:51.439 | INFO     | __main__:<module>:196 - Running langevin sampling for 50000 steps, saving every 500 steps
2025-12-04 13:13:27.082 | INFO     | __main__:<module>:207 - Saving the sampled grid at path = runs/new/mnist/v1/sampled_grid.png
2025-12-04 13:13:28.510 | INFO     | __main__:<module>:218 - Saving the original grid at path = runs/new/mnist/v1/original_grid.png
2025-12-04 13:13:29.888 | INFO     | __main__:<module>:223 - Saving the json at path = runs/new/mnist/v1/run_config.json
