2025-07-01 16:44:51.533 | INFO     | __main__:<module>:55 - Using seed = 42, device = cuda:6 and output dir = runs/cifar10/v2
2025-07-01 16:44:51.534 | INFO     | __main__:<module>:59 - Saving the json at path = runs/cifar10/v2/run_config.json
2025-07-01 16:44:52.662 | INFO     | __main__:<module>:68 - length of the dataset = 50000
2025-07-01 16:44:52.663 | INFO     | __main__:<module>:71 - Computing betas, alphas with timesteps = 1000
2025-07-01 16:44:53.494 | INFO     | __main__:<module>:99 - Initializing the model
2025-07-01 16:44:55.025 | INFO     | __main__:<module>:131 - Running for epochs = 120
2025-07-01 16:44:55.025 | INFO     | __main__:<module>:133 - Epoch = 1 / 120
2025-07-01 16:48:51.919 | INFO     | __main__:<module>:176 - Training time taken = 236.89 seconds, Evaluation time taken = nan seconds, loss = 0.84548, fid = None
2025-07-01 16:48:51.919 | INFO     | __main__:<module>:133 - Epoch = 2 / 120
2025-07-01 16:52:48.736 | INFO     | __main__:<module>:176 - Training time taken = 236.82 seconds, Evaluation time taken = nan seconds, loss = 0.2595, fid = None
2025-07-01 16:52:48.736 | INFO     | __main__:<module>:133 - Epoch = 3 / 120
2025-07-01 16:56:44.940 | INFO     | __main__:<module>:176 - Training time taken = 236.2 seconds, Evaluation time taken = nan seconds, loss = 0.07057, fid = None
2025-07-01 16:56:44.940 | INFO     | __main__:<module>:133 - Epoch = 4 / 120
2025-07-01 17:00:41.707 | INFO     | __main__:<module>:176 - Training time taken = 236.77 seconds, Evaluation time taken = nan seconds, loss = 0.05863, fid = None
2025-07-01 17:00:41.707 | INFO     | __main__:<module>:133 - Epoch = 5 / 120
2025-07-01 17:04:38.116 | INFO     | __main__:<module>:176 - Training time taken = 236.41 seconds, Evaluation time taken = nan seconds, loss = 0.05523, fid = None
2025-07-01 17:04:38.117 | INFO     | __main__:<module>:133 - Epoch = 6 / 120
2025-07-01 17:08:34.203 | INFO     | __main__:<module>:176 - Training time taken = 236.09 seconds, Evaluation time taken = nan seconds, loss = 0.05181, fid = None
2025-07-01 17:08:34.204 | INFO     | __main__:<module>:133 - Epoch = 7 / 120
2025-07-01 17:12:31.164 | INFO     | __main__:<module>:176 - Training time taken = 236.96 seconds, Evaluation time taken = nan seconds, loss = 0.0507, fid = None
2025-07-01 17:12:31.164 | INFO     | __main__:<module>:133 - Epoch = 8 / 120
2025-07-01 17:16:27.955 | INFO     | __main__:<module>:176 - Training time taken = 236.79 seconds, Evaluation time taken = nan seconds, loss = 0.04821, fid = None
2025-07-01 17:16:27.956 | INFO     | __main__:<module>:133 - Epoch = 9 / 120
2025-07-01 17:20:24.346 | INFO     | __main__:<module>:176 - Training time taken = 236.39 seconds, Evaluation time taken = nan seconds, loss = 0.04671, fid = None
2025-07-01 17:20:24.346 | INFO     | __main__:<module>:133 - Epoch = 10 / 120
2025-07-01 17:24:20.810 | INFO     | __main__:<module>:176 - Training time taken = 236.46 seconds, Evaluation time taken = nan seconds, loss = 0.04655, fid = None
2025-07-01 17:24:20.810 | INFO     | __main__:<module>:133 - Epoch = 11 / 120
2025-07-01 17:28:17.550 | INFO     | __main__:<module>:176 - Training time taken = 236.74 seconds, Evaluation time taken = nan seconds, loss = 0.04468, fid = None
2025-07-01 17:28:17.550 | INFO     | __main__:<module>:133 - Epoch = 12 / 120
2025-07-01 17:32:14.310 | INFO     | __main__:<module>:176 - Training time taken = 236.76 seconds, Evaluation time taken = nan seconds, loss = 0.04404, fid = None
2025-07-01 17:32:14.311 | INFO     | __main__:<module>:133 - Epoch = 13 / 120
2025-07-01 17:36:10.514 | INFO     | __main__:<module>:176 - Training time taken = 236.2 seconds, Evaluation time taken = nan seconds, loss = 0.04365, fid = None
2025-07-01 17:36:10.514 | INFO     | __main__:<module>:133 - Epoch = 14 / 120
2025-07-01 17:40:07.192 | INFO     | __main__:<module>:176 - Training time taken = 236.68 seconds, Evaluation time taken = nan seconds, loss = 0.04249, fid = None
2025-07-01 17:40:07.193 | INFO     | __main__:<module>:133 - Epoch = 15 / 120
2025-07-01 17:44:03.676 | INFO     | __main__:<module>:176 - Training time taken = 236.48 seconds, Evaluation time taken = nan seconds, loss = 0.04193, fid = None
2025-07-01 17:44:03.676 | INFO     | __main__:<module>:133 - Epoch = 16 / 120
2025-07-01 17:48:00.443 | INFO     | __main__:<module>:176 - Training time taken = 236.77 seconds, Evaluation time taken = nan seconds, loss = 0.04159, fid = None
2025-07-01 17:48:00.443 | INFO     | __main__:<module>:133 - Epoch = 17 / 120
2025-07-01 17:51:56.817 | INFO     | __main__:<module>:176 - Training time taken = 236.37 seconds, Evaluation time taken = nan seconds, loss = 0.04141, fid = None
2025-07-01 17:51:56.817 | INFO     | __main__:<module>:133 - Epoch = 18 / 120
2025-07-01 17:55:54.069 | INFO     | __main__:<module>:176 - Training time taken = 237.25 seconds, Evaluation time taken = nan seconds, loss = 0.04114, fid = None
2025-07-01 17:55:54.069 | INFO     | __main__:<module>:133 - Epoch = 19 / 120
2025-07-01 17:59:50.695 | INFO     | __main__:<module>:176 - Training time taken = 236.63 seconds, Evaluation time taken = nan seconds, loss = 0.04058, fid = None
2025-07-01 17:59:50.695 | INFO     | __main__:<module>:133 - Epoch = 20 / 120
2025-07-01 18:03:46.945 | INFO     | __main__:<module>:176 - Training time taken = 236.25 seconds, Evaluation time taken = nan seconds, loss = 0.03985, fid = None
2025-07-01 18:03:46.945 | INFO     | __main__:<module>:133 - Epoch = 21 / 120
2025-07-01 18:07:44.493 | INFO     | __main__:<module>:176 - Training time taken = 237.55 seconds, Evaluation time taken = nan seconds, loss = 0.03949, fid = None
2025-07-01 18:07:44.494 | INFO     | __main__:<module>:133 - Epoch = 22 / 120
2025-07-01 18:11:41.167 | INFO     | __main__:<module>:176 - Training time taken = 236.67 seconds, Evaluation time taken = nan seconds, loss = 0.03916, fid = None
2025-07-01 18:11:41.168 | INFO     | __main__:<module>:133 - Epoch = 23 / 120
2025-07-01 18:15:38.464 | INFO     | __main__:<module>:176 - Training time taken = 237.3 seconds, Evaluation time taken = nan seconds, loss = 0.03845, fid = None
2025-07-01 18:15:38.464 | INFO     | __main__:<module>:133 - Epoch = 24 / 120
2025-07-01 18:19:34.876 | INFO     | __main__:<module>:176 - Training time taken = 236.41 seconds, Evaluation time taken = nan seconds, loss = 0.03892, fid = None
2025-07-01 18:19:34.878 | INFO     | __main__:<module>:133 - Epoch = 25 / 120
2025-07-01 18:23:31.690 | INFO     | __main__:<module>:176 - Training time taken = 236.81 seconds, Evaluation time taken = nan seconds, loss = 0.03821, fid = None
2025-07-01 18:23:31.691 | INFO     | __main__:<module>:133 - Epoch = 26 / 120
2025-07-01 18:27:28.929 | INFO     | __main__:<module>:176 - Training time taken = 237.24 seconds, Evaluation time taken = nan seconds, loss = 0.03826, fid = None
2025-07-01 18:27:28.929 | INFO     | __main__:<module>:133 - Epoch = 27 / 120
2025-07-01 18:31:25.200 | INFO     | __main__:<module>:176 - Training time taken = 236.27 seconds, Evaluation time taken = nan seconds, loss = 0.03801, fid = None
2025-07-01 18:31:25.200 | INFO     | __main__:<module>:133 - Epoch = 28 / 120
2025-07-01 18:35:21.737 | INFO     | __main__:<module>:176 - Training time taken = 236.54 seconds, Evaluation time taken = nan seconds, loss = 0.03812, fid = None
2025-07-01 18:35:21.737 | INFO     | __main__:<module>:133 - Epoch = 29 / 120
2025-07-01 18:39:18.662 | INFO     | __main__:<module>:176 - Training time taken = 236.93 seconds, Evaluation time taken = nan seconds, loss = 0.03744, fid = None
2025-07-01 18:39:18.663 | INFO     | __main__:<module>:133 - Epoch = 30 / 120
2025-07-01 18:43:15.525 | INFO     | __main__:<module>:176 - Training time taken = 236.86 seconds, Evaluation time taken = nan seconds, loss = 0.03707, fid = None
2025-07-01 18:43:15.526 | INFO     | __main__:<module>:133 - Epoch = 31 / 120
2025-07-01 18:47:12.594 | INFO     | __main__:<module>:176 - Training time taken = 237.07 seconds, Evaluation time taken = nan seconds, loss = 0.03752, fid = None
2025-07-01 18:47:12.595 | INFO     | __main__:<module>:133 - Epoch = 32 / 120
2025-07-01 18:51:09.202 | INFO     | __main__:<module>:176 - Training time taken = 236.61 seconds, Evaluation time taken = nan seconds, loss = 0.03651, fid = None
2025-07-01 18:51:09.203 | INFO     | __main__:<module>:133 - Epoch = 33 / 120
2025-07-01 18:55:05.589 | INFO     | __main__:<module>:176 - Training time taken = 236.39 seconds, Evaluation time taken = nan seconds, loss = 0.03727, fid = None
2025-07-01 18:55:05.590 | INFO     | __main__:<module>:133 - Epoch = 34 / 120
2025-07-01 18:59:02.144 | INFO     | __main__:<module>:176 - Training time taken = 236.55 seconds, Evaluation time taken = nan seconds, loss = 0.03724, fid = None
2025-07-01 18:59:02.145 | INFO     | __main__:<module>:133 - Epoch = 35 / 120
2025-07-01 19:03:00.239 | INFO     | __main__:<module>:176 - Training time taken = 238.09 seconds, Evaluation time taken = nan seconds, loss = 0.03696, fid = None
2025-07-01 19:03:00.239 | INFO     | __main__:<module>:133 - Epoch = 36 / 120
2025-07-01 19:07:02.786 | INFO     | __main__:<module>:176 - Training time taken = 242.55 seconds, Evaluation time taken = nan seconds, loss = 0.03637, fid = None
2025-07-01 19:07:02.786 | INFO     | __main__:<module>:133 - Epoch = 37 / 120
2025-07-01 19:11:11.801 | INFO     | __main__:<module>:176 - Training time taken = 249.01 seconds, Evaluation time taken = nan seconds, loss = 0.03586, fid = None
2025-07-01 19:11:11.802 | INFO     | __main__:<module>:133 - Epoch = 38 / 120
2025-07-01 19:15:14.745 | INFO     | __main__:<module>:176 - Training time taken = 242.94 seconds, Evaluation time taken = nan seconds, loss = 0.03552, fid = None
2025-07-01 19:15:14.746 | INFO     | __main__:<module>:133 - Epoch = 39 / 120
2025-07-01 19:19:11.049 | INFO     | __main__:<module>:176 - Training time taken = 236.3 seconds, Evaluation time taken = nan seconds, loss = 0.03569, fid = None
2025-07-01 19:19:11.050 | INFO     | __main__:<module>:133 - Epoch = 40 / 120
2025-07-01 19:23:08.288 | INFO     | __main__:<module>:176 - Training time taken = 237.24 seconds, Evaluation time taken = nan seconds, loss = 0.03582, fid = None
2025-07-01 19:23:08.288 | INFO     | __main__:<module>:133 - Epoch = 41 / 120
2025-07-01 19:27:12.460 | INFO     | __main__:<module>:176 - Training time taken = 244.17 seconds, Evaluation time taken = nan seconds, loss = 0.03571, fid = None
2025-07-01 19:27:12.460 | INFO     | __main__:<module>:133 - Epoch = 42 / 120
2025-07-01 19:31:23.793 | INFO     | __main__:<module>:176 - Training time taken = 251.33 seconds, Evaluation time taken = nan seconds, loss = 0.03551, fid = None
2025-07-01 19:31:23.793 | INFO     | __main__:<module>:133 - Epoch = 43 / 120
2025-07-01 19:35:32.982 | INFO     | __main__:<module>:176 - Training time taken = 249.19 seconds, Evaluation time taken = nan seconds, loss = 0.03562, fid = None
2025-07-01 19:35:32.982 | INFO     | __main__:<module>:133 - Epoch = 44 / 120
2025-07-01 19:39:42.553 | INFO     | __main__:<module>:176 - Training time taken = 249.57 seconds, Evaluation time taken = nan seconds, loss = 0.03531, fid = None
2025-07-01 19:39:42.553 | INFO     | __main__:<module>:133 - Epoch = 45 / 120
2025-07-01 19:43:49.789 | INFO     | __main__:<module>:176 - Training time taken = 247.24 seconds, Evaluation time taken = nan seconds, loss = 0.03537, fid = None
2025-07-01 19:43:49.790 | INFO     | __main__:<module>:133 - Epoch = 46 / 120
2025-07-01 19:47:57.674 | INFO     | __main__:<module>:176 - Training time taken = 247.88 seconds, Evaluation time taken = nan seconds, loss = 0.0353, fid = None
2025-07-01 19:47:57.674 | INFO     | __main__:<module>:133 - Epoch = 47 / 120
2025-07-01 19:52:08.508 | INFO     | __main__:<module>:176 - Training time taken = 250.83 seconds, Evaluation time taken = nan seconds, loss = 0.03508, fid = None
2025-07-01 19:52:08.509 | INFO     | __main__:<module>:133 - Epoch = 48 / 120
2025-07-01 19:56:17.550 | INFO     | __main__:<module>:176 - Training time taken = 249.04 seconds, Evaluation time taken = nan seconds, loss = 0.03493, fid = None
2025-07-01 19:56:17.550 | INFO     | __main__:<module>:133 - Epoch = 49 / 120
2025-07-01 20:00:29.141 | INFO     | __main__:<module>:176 - Training time taken = 251.59 seconds, Evaluation time taken = nan seconds, loss = 0.03463, fid = None
2025-07-01 20:00:29.143 | INFO     | __main__:<module>:133 - Epoch = 50 / 120
2025-07-01 20:04:41.675 | INFO     | __main__:<module>:176 - Training time taken = 252.53 seconds, Evaluation time taken = nan seconds, loss = 0.0347, fid = None
2025-07-01 20:04:41.676 | INFO     | __main__:<module>:133 - Epoch = 51 / 120
2025-07-01 20:08:51.225 | INFO     | __main__:<module>:176 - Training time taken = 249.54 seconds, Evaluation time taken = nan seconds, loss = 0.03458, fid = None
2025-07-01 20:08:51.226 | INFO     | __main__:<module>:133 - Epoch = 52 / 120
2025-07-01 20:13:01.955 | INFO     | __main__:<module>:176 - Training time taken = 250.73 seconds, Evaluation time taken = nan seconds, loss = 0.03426, fid = None
2025-07-01 20:13:01.956 | INFO     | __main__:<module>:133 - Epoch = 53 / 120
2025-07-01 20:17:13.612 | INFO     | __main__:<module>:176 - Training time taken = 251.66 seconds, Evaluation time taken = nan seconds, loss = 0.0345, fid = None
2025-07-01 20:17:13.612 | INFO     | __main__:<module>:133 - Epoch = 54 / 120
2025-07-01 20:21:24.786 | INFO     | __main__:<module>:176 - Training time taken = 251.17 seconds, Evaluation time taken = nan seconds, loss = 0.03474, fid = None
2025-07-01 20:21:24.787 | INFO     | __main__:<module>:133 - Epoch = 55 / 120
2025-07-01 20:25:34.844 | INFO     | __main__:<module>:176 - Training time taken = 250.06 seconds, Evaluation time taken = nan seconds, loss = 0.03453, fid = None
2025-07-01 20:25:34.844 | INFO     | __main__:<module>:133 - Epoch = 56 / 120
2025-07-01 20:29:46.651 | INFO     | __main__:<module>:176 - Training time taken = 251.81 seconds, Evaluation time taken = nan seconds, loss = 0.03418, fid = None
2025-07-01 20:29:46.651 | INFO     | __main__:<module>:133 - Epoch = 57 / 120
2025-07-01 20:33:57.134 | INFO     | __main__:<module>:176 - Training time taken = 250.48 seconds, Evaluation time taken = nan seconds, loss = 0.03418, fid = None
2025-07-01 20:33:57.134 | INFO     | __main__:<module>:133 - Epoch = 58 / 120
2025-07-01 20:38:07.603 | INFO     | __main__:<module>:176 - Training time taken = 250.47 seconds, Evaluation time taken = nan seconds, loss = 0.03333, fid = None
2025-07-01 20:38:07.603 | INFO     | __main__:<module>:133 - Epoch = 59 / 120
2025-07-01 20:42:18.730 | INFO     | __main__:<module>:176 - Training time taken = 251.13 seconds, Evaluation time taken = nan seconds, loss = 0.03379, fid = None
2025-07-01 20:42:18.731 | INFO     | __main__:<module>:133 - Epoch = 60 / 120
2025-07-01 20:46:30.666 | INFO     | __main__:<module>:149 - Running evaluation
2025-07-01 20:46:30.666 | INFO     | eval_utils:eval:154 - Computing activations on real dataset
2025-07-01 20:48:19.216 | INFO     | eval_utils:eval:157 - real activations shape = (50000, 2048). Computing statistics on real dataset
2025-07-01 20:48:28.307 | INFO     | eval_utils:eval:161 - Generating samples and computing activations
2025-07-02 10:42:06.910 | INFO     | eval_utils:eval:163 - fake activations shape = (50176, 2048). Computing statistics on generated sample activations
2025-07-02 10:42:16.838 | INFO     | eval_utils:eval:166 - real activation mean = (2048,), cov = (2048, 2048)
2025-07-02 10:42:16.839 | INFO     | eval_utils:eval:167 - fake activation mean = (2048,), cov = (2048, 2048)
2025-07-02 10:46:01.505 | INFO     | __main__:<module>:160 - Generating 100 samples
2025-07-02 10:47:54.770 | INFO     | __main__:<module>:171 - Generation completed in 113.27 seconds
2025-07-02 10:47:54.770 | INFO     | __main__:<module>:176 - Training time taken = 251.93 seconds, Evaluation time taken = 50370.84 seconds, loss = 0.0338, fid = 9.123809349095637
2025-07-02 10:47:54.770 | INFO     | __main__:<module>:133 - Epoch = 61 / 120
2025-07-02 10:52:06.066 | INFO     | __main__:<module>:176 - Training time taken = 251.3 seconds, Evaluation time taken = nan seconds, loss = 0.03325, fid = None
2025-07-02 10:52:06.067 | INFO     | __main__:<module>:133 - Epoch = 62 / 120
2025-07-02 10:56:17.756 | INFO     | __main__:<module>:176 - Training time taken = 251.69 seconds, Evaluation time taken = nan seconds, loss = 0.03398, fid = None
2025-07-02 10:56:17.756 | INFO     | __main__:<module>:133 - Epoch = 63 / 120
2025-07-02 11:00:27.406 | INFO     | __main__:<module>:176 - Training time taken = 249.65 seconds, Evaluation time taken = nan seconds, loss = 0.03408, fid = None
2025-07-02 11:00:27.406 | INFO     | __main__:<module>:133 - Epoch = 64 / 120
2025-07-02 11:04:37.368 | INFO     | __main__:<module>:176 - Training time taken = 249.96 seconds, Evaluation time taken = nan seconds, loss = 0.03312, fid = None
2025-07-02 11:04:37.369 | INFO     | __main__:<module>:133 - Epoch = 65 / 120
2025-07-02 11:08:47.454 | INFO     | __main__:<module>:176 - Training time taken = 250.08 seconds, Evaluation time taken = nan seconds, loss = 0.03377, fid = None
2025-07-02 11:08:47.454 | INFO     | __main__:<module>:133 - Epoch = 66 / 120
2025-07-02 11:13:00.947 | INFO     | __main__:<module>:176 - Training time taken = 253.49 seconds, Evaluation time taken = nan seconds, loss = 0.03353, fid = None
2025-07-02 11:13:00.948 | INFO     | __main__:<module>:133 - Epoch = 67 / 120
2025-07-02 11:17:13.766 | INFO     | __main__:<module>:176 - Training time taken = 252.82 seconds, Evaluation time taken = nan seconds, loss = 0.03415, fid = None
2025-07-02 11:17:13.766 | INFO     | __main__:<module>:133 - Epoch = 68 / 120
2025-07-02 11:21:23.193 | INFO     | __main__:<module>:176 - Training time taken = 249.43 seconds, Evaluation time taken = nan seconds, loss = 0.03406, fid = None
2025-07-02 11:21:23.194 | INFO     | __main__:<module>:133 - Epoch = 69 / 120
2025-07-02 11:25:30.815 | INFO     | __main__:<module>:176 - Training time taken = 247.62 seconds, Evaluation time taken = nan seconds, loss = 0.03377, fid = None
2025-07-02 11:25:30.815 | INFO     | __main__:<module>:133 - Epoch = 70 / 120
2025-07-02 11:29:41.439 | INFO     | __main__:<module>:176 - Training time taken = 250.62 seconds, Evaluation time taken = nan seconds, loss = 0.03366, fid = None
2025-07-02 11:29:41.448 | INFO     | __main__:<module>:133 - Epoch = 71 / 120
2025-07-02 11:33:48.371 | INFO     | __main__:<module>:176 - Training time taken = 246.92 seconds, Evaluation time taken = nan seconds, loss = 0.03352, fid = None
2025-07-02 11:33:48.372 | INFO     | __main__:<module>:133 - Epoch = 72 / 120
2025-07-02 11:37:57.869 | INFO     | __main__:<module>:176 - Training time taken = 249.5 seconds, Evaluation time taken = nan seconds, loss = 0.03378, fid = None
2025-07-02 11:37:57.870 | INFO     | __main__:<module>:133 - Epoch = 73 / 120
2025-07-02 11:42:05.835 | INFO     | __main__:<module>:176 - Training time taken = 247.97 seconds, Evaluation time taken = nan seconds, loss = 0.03354, fid = None
2025-07-02 11:42:05.836 | INFO     | __main__:<module>:133 - Epoch = 74 / 120
2025-07-02 11:46:16.862 | INFO     | __main__:<module>:176 - Training time taken = 251.03 seconds, Evaluation time taken = nan seconds, loss = 0.0335, fid = None
2025-07-02 11:46:16.862 | INFO     | __main__:<module>:133 - Epoch = 75 / 120
2025-07-02 11:50:24.748 | INFO     | __main__:<module>:176 - Training time taken = 247.89 seconds, Evaluation time taken = nan seconds, loss = 0.03361, fid = None
2025-07-02 11:50:24.748 | INFO     | __main__:<module>:133 - Epoch = 76 / 120
2025-07-02 11:54:33.376 | INFO     | __main__:<module>:176 - Training time taken = 248.63 seconds, Evaluation time taken = nan seconds, loss = 0.03322, fid = None
2025-07-02 11:54:33.377 | INFO     | __main__:<module>:133 - Epoch = 77 / 120
2025-07-02 11:58:41.976 | INFO     | __main__:<module>:176 - Training time taken = 248.6 seconds, Evaluation time taken = nan seconds, loss = 0.03325, fid = None
2025-07-02 11:58:41.976 | INFO     | __main__:<module>:133 - Epoch = 78 / 120
2025-07-02 12:02:51.095 | INFO     | __main__:<module>:176 - Training time taken = 249.12 seconds, Evaluation time taken = nan seconds, loss = 0.03377, fid = None
2025-07-02 12:02:51.096 | INFO     | __main__:<module>:133 - Epoch = 79 / 120
2025-07-02 12:06:59.066 | INFO     | __main__:<module>:176 - Training time taken = 247.97 seconds, Evaluation time taken = nan seconds, loss = 0.03354, fid = None
2025-07-02 12:06:59.066 | INFO     | __main__:<module>:133 - Epoch = 80 / 120
2025-07-02 12:11:06.260 | INFO     | __main__:<module>:176 - Training time taken = 247.19 seconds, Evaluation time taken = nan seconds, loss = 0.03335, fid = None
2025-07-02 12:11:06.260 | INFO     | __main__:<module>:133 - Epoch = 81 / 120
2025-07-02 12:15:15.750 | INFO     | __main__:<module>:176 - Training time taken = 249.49 seconds, Evaluation time taken = nan seconds, loss = 0.03322, fid = None
2025-07-02 12:15:15.760 | INFO     | __main__:<module>:133 - Epoch = 82 / 120
2025-07-02 12:19:25.289 | INFO     | __main__:<module>:176 - Training time taken = 249.53 seconds, Evaluation time taken = nan seconds, loss = 0.03272, fid = None
2025-07-02 12:19:25.290 | INFO     | __main__:<module>:133 - Epoch = 83 / 120
2025-07-02 12:23:34.931 | INFO     | __main__:<module>:176 - Training time taken = 249.64 seconds, Evaluation time taken = nan seconds, loss = 0.03342, fid = None
2025-07-02 12:23:34.932 | INFO     | __main__:<module>:133 - Epoch = 84 / 120
2025-07-02 12:27:45.050 | INFO     | __main__:<module>:176 - Training time taken = 250.12 seconds, Evaluation time taken = nan seconds, loss = 0.03303, fid = None
2025-07-02 12:27:45.050 | INFO     | __main__:<module>:133 - Epoch = 85 / 120
2025-07-02 12:31:55.783 | INFO     | __main__:<module>:176 - Training time taken = 250.73 seconds, Evaluation time taken = nan seconds, loss = 0.0329, fid = None
2025-07-02 12:31:55.783 | INFO     | __main__:<module>:133 - Epoch = 86 / 120
2025-07-02 12:36:07.636 | INFO     | __main__:<module>:176 - Training time taken = 251.85 seconds, Evaluation time taken = nan seconds, loss = 0.03405, fid = None
2025-07-02 12:36:07.637 | INFO     | __main__:<module>:133 - Epoch = 87 / 120
2025-07-02 12:40:17.696 | INFO     | __main__:<module>:176 - Training time taken = 250.06 seconds, Evaluation time taken = nan seconds, loss = 0.03272, fid = None
2025-07-02 12:40:17.697 | INFO     | __main__:<module>:133 - Epoch = 88 / 120
2025-07-02 12:44:25.191 | INFO     | __main__:<module>:176 - Training time taken = 247.49 seconds, Evaluation time taken = nan seconds, loss = 0.03343, fid = None
2025-07-02 12:44:25.191 | INFO     | __main__:<module>:133 - Epoch = 89 / 120
2025-07-02 12:48:36.621 | INFO     | __main__:<module>:176 - Training time taken = 251.43 seconds, Evaluation time taken = nan seconds, loss = 0.03279, fid = None
2025-07-02 12:48:36.621 | INFO     | __main__:<module>:133 - Epoch = 90 / 120
2025-07-02 12:52:47.353 | INFO     | __main__:<module>:176 - Training time taken = 250.73 seconds, Evaluation time taken = nan seconds, loss = 0.03275, fid = None
2025-07-02 12:52:47.354 | INFO     | __main__:<module>:133 - Epoch = 91 / 120
2025-07-02 12:56:58.887 | INFO     | __main__:<module>:176 - Training time taken = 251.53 seconds, Evaluation time taken = nan seconds, loss = 0.03305, fid = None
2025-07-02 12:56:58.887 | INFO     | __main__:<module>:133 - Epoch = 92 / 120
2025-07-02 13:01:09.975 | INFO     | __main__:<module>:176 - Training time taken = 251.09 seconds, Evaluation time taken = nan seconds, loss = 0.03237, fid = None
2025-07-02 13:01:09.976 | INFO     | __main__:<module>:133 - Epoch = 93 / 120
2025-07-02 13:05:18.630 | INFO     | __main__:<module>:176 - Training time taken = 248.65 seconds, Evaluation time taken = nan seconds, loss = 0.0329, fid = None
2025-07-02 13:05:18.630 | INFO     | __main__:<module>:133 - Epoch = 94 / 120
2025-07-02 13:09:26.074 | INFO     | __main__:<module>:176 - Training time taken = 247.44 seconds, Evaluation time taken = nan seconds, loss = 0.0326, fid = None
2025-07-02 13:09:26.074 | INFO     | __main__:<module>:133 - Epoch = 95 / 120
2025-07-02 13:13:33.290 | INFO     | __main__:<module>:176 - Training time taken = 247.21 seconds, Evaluation time taken = nan seconds, loss = 0.03295, fid = None
2025-07-02 13:13:33.290 | INFO     | __main__:<module>:133 - Epoch = 96 / 120
2025-07-02 13:17:39.868 | INFO     | __main__:<module>:176 - Training time taken = 246.58 seconds, Evaluation time taken = nan seconds, loss = 0.03275, fid = None
2025-07-02 13:17:39.868 | INFO     | __main__:<module>:133 - Epoch = 97 / 120
2025-07-02 13:21:48.445 | INFO     | __main__:<module>:176 - Training time taken = 248.58 seconds, Evaluation time taken = nan seconds, loss = 0.03268, fid = None
2025-07-02 13:21:48.446 | INFO     | __main__:<module>:133 - Epoch = 98 / 120
2025-07-02 13:25:56.665 | INFO     | __main__:<module>:176 - Training time taken = 248.22 seconds, Evaluation time taken = nan seconds, loss = 0.03247, fid = None
2025-07-02 13:25:56.665 | INFO     | __main__:<module>:133 - Epoch = 99 / 120
2025-07-02 13:30:05.129 | INFO     | __main__:<module>:176 - Training time taken = 248.46 seconds, Evaluation time taken = nan seconds, loss = 0.03223, fid = None
2025-07-02 13:30:05.129 | INFO     | __main__:<module>:133 - Epoch = 100 / 120
2025-07-02 13:34:15.192 | INFO     | __main__:<module>:176 - Training time taken = 250.06 seconds, Evaluation time taken = nan seconds, loss = 0.03296, fid = None
2025-07-02 13:34:15.192 | INFO     | __main__:<module>:133 - Epoch = 101 / 120
2025-07-02 13:38:22.862 | INFO     | __main__:<module>:176 - Training time taken = 247.67 seconds, Evaluation time taken = nan seconds, loss = 0.03205, fid = None
2025-07-02 13:38:22.863 | INFO     | __main__:<module>:133 - Epoch = 102 / 120
2025-07-02 13:42:28.555 | INFO     | __main__:<module>:176 - Training time taken = 245.69 seconds, Evaluation time taken = nan seconds, loss = 0.03227, fid = None
2025-07-02 13:42:28.556 | INFO     | __main__:<module>:133 - Epoch = 103 / 120
2025-07-02 13:46:39.398 | INFO     | __main__:<module>:176 - Training time taken = 250.84 seconds, Evaluation time taken = nan seconds, loss = 0.03265, fid = None
2025-07-02 13:46:39.398 | INFO     | __main__:<module>:133 - Epoch = 104 / 120
2025-07-02 13:50:47.965 | INFO     | __main__:<module>:176 - Training time taken = 248.57 seconds, Evaluation time taken = nan seconds, loss = 0.03235, fid = None
2025-07-02 13:50:47.966 | INFO     | __main__:<module>:133 - Epoch = 105 / 120
2025-07-02 13:54:58.200 | INFO     | __main__:<module>:176 - Training time taken = 250.23 seconds, Evaluation time taken = nan seconds, loss = 0.0324, fid = None
2025-07-02 13:54:58.200 | INFO     | __main__:<module>:133 - Epoch = 106 / 120
2025-07-02 13:59:05.338 | INFO     | __main__:<module>:176 - Training time taken = 247.14 seconds, Evaluation time taken = nan seconds, loss = 0.03247, fid = None
2025-07-02 13:59:05.338 | INFO     | __main__:<module>:133 - Epoch = 107 / 120
2025-07-02 14:03:15.940 | INFO     | __main__:<module>:176 - Training time taken = 250.6 seconds, Evaluation time taken = nan seconds, loss = 0.03182, fid = None
2025-07-02 14:03:15.940 | INFO     | __main__:<module>:133 - Epoch = 108 / 120
2025-07-02 14:07:22.447 | INFO     | __main__:<module>:176 - Training time taken = 246.51 seconds, Evaluation time taken = nan seconds, loss = 0.0332, fid = None
2025-07-02 14:07:22.447 | INFO     | __main__:<module>:133 - Epoch = 109 / 120
2025-07-02 14:11:31.538 | INFO     | __main__:<module>:176 - Training time taken = 249.09 seconds, Evaluation time taken = nan seconds, loss = 0.03202, fid = None
2025-07-02 14:11:31.538 | INFO     | __main__:<module>:133 - Epoch = 110 / 120
2025-07-02 14:15:42.666 | INFO     | __main__:<module>:176 - Training time taken = 251.13 seconds, Evaluation time taken = nan seconds, loss = 0.03271, fid = None
2025-07-02 14:15:42.667 | INFO     | __main__:<module>:133 - Epoch = 111 / 120
2025-07-02 14:19:54.046 | INFO     | __main__:<module>:176 - Training time taken = 251.38 seconds, Evaluation time taken = nan seconds, loss = 0.03238, fid = None
2025-07-02 14:19:54.046 | INFO     | __main__:<module>:133 - Epoch = 112 / 120
2025-07-02 14:24:03.349 | INFO     | __main__:<module>:176 - Training time taken = 249.3 seconds, Evaluation time taken = nan seconds, loss = 0.03219, fid = None
2025-07-02 14:24:03.349 | INFO     | __main__:<module>:133 - Epoch = 113 / 120
2025-07-02 14:28:14.590 | INFO     | __main__:<module>:176 - Training time taken = 251.24 seconds, Evaluation time taken = nan seconds, loss = 0.03244, fid = None
2025-07-02 14:28:14.590 | INFO     | __main__:<module>:133 - Epoch = 114 / 120
2025-07-02 14:32:24.692 | INFO     | __main__:<module>:176 - Training time taken = 250.1 seconds, Evaluation time taken = nan seconds, loss = 0.03195, fid = None
2025-07-02 14:32:24.693 | INFO     | __main__:<module>:133 - Epoch = 115 / 120
2025-07-02 14:36:35.289 | INFO     | __main__:<module>:176 - Training time taken = 250.6 seconds, Evaluation time taken = nan seconds, loss = 0.03277, fid = None
2025-07-02 14:36:35.291 | INFO     | __main__:<module>:133 - Epoch = 116 / 120
2025-07-02 14:40:47.118 | INFO     | __main__:<module>:176 - Training time taken = 251.83 seconds, Evaluation time taken = nan seconds, loss = 0.03229, fid = None
2025-07-02 14:40:47.119 | INFO     | __main__:<module>:133 - Epoch = 117 / 120
2025-07-02 14:44:56.828 | INFO     | __main__:<module>:176 - Training time taken = 249.71 seconds, Evaluation time taken = nan seconds, loss = 0.03229, fid = None
2025-07-02 14:44:56.828 | INFO     | __main__:<module>:133 - Epoch = 118 / 120
2025-07-02 14:49:04.614 | INFO     | __main__:<module>:176 - Training time taken = 247.79 seconds, Evaluation time taken = nan seconds, loss = 0.03269, fid = None
2025-07-02 14:49:04.614 | INFO     | __main__:<module>:133 - Epoch = 119 / 120
2025-07-02 14:53:12.330 | INFO     | __main__:<module>:176 - Training time taken = 247.72 seconds, Evaluation time taken = nan seconds, loss = 0.03242, fid = None
2025-07-02 14:53:12.330 | INFO     | __main__:<module>:133 - Epoch = 120 / 120
2025-07-02 14:57:17.975 | INFO     | __main__:<module>:149 - Running evaluation
2025-07-02 14:57:17.975 | INFO     | eval_utils:eval:161 - Generating samples and computing activations
2025-07-03 04:51:06.860 | INFO     | eval_utils:eval:163 - fake activations shape = (50176, 2048). Computing statistics on generated sample activations
2025-07-03 04:51:12.266 | INFO     | eval_utils:eval:166 - real activation mean = (2048,), cov = (2048, 2048)
2025-07-03 04:51:12.267 | INFO     | eval_utils:eval:167 - fake activation mean = (2048,), cov = (2048, 2048)
2025-07-03 04:52:58.731 | INFO     | __main__:<module>:160 - Generating 100 samples
2025-07-03 04:54:49.287 | INFO     | __main__:<module>:171 - Generation completed in 110.56 seconds
2025-07-03 04:54:49.287 | INFO     | __main__:<module>:176 - Training time taken = 245.64 seconds, Evaluation time taken = 50140.75 seconds, loss = 0.03226, fid = 6.188930353531816
